../Core/Src/countdown.cpp:17:6:void countdown_init()	8	static
../Core/Src/countdown.cpp:24:6:void countdown()	16	static
../Core/Src/countdown.cpp:86:6:void countdown_start()	8	static
../Core/Src/countdown.cpp:92:6:void countdown_stop()	4	static
../Core/Src/countdown.cpp:98:6:void countdown_reset()	8	static
../Core/Src/countdown.cpp:109:6:void update_display()	48	static
../Core/Src/countdown.cpp:216:1:void __static_initialization_and_destruction_0()	8	static
../Core/Src/countdown.cpp:216:1:cpp)	8	static
