../Core/Src/countdown.cpp:16:6:void countdown_init()	8	static
../Core/Src/countdown.cpp:23:6:void countdown()	16	static
../Core/Src/countdown.cpp:73:6:void countdown_start()	8	static
../Core/Src/countdown.cpp:79:6:void countdown_stop()	4	static
../Core/Src/countdown.cpp:85:6:void countdown_reset()	8	static
../Core/Src/countdown.cpp:95:6:void update_display()	16	static
../Core/Src/countdown.cpp:121:1:void __static_initialization_and_destruction_0()	8	static
../Core/Src/countdown.cpp:121:1:cpp)	8	static
